// Jest Snapshot v1, https://goo.gl/fbAQLP

exports[`Image matches a snapshot 1`] = `
<section>
  <img />
</section>
`;
